// Jest Snapshot v1, https://goo.gl/fbAQLP

exports[`creates snapshot of styles 1`] = `
.c0 {
  display: -webkit-box;
  display: -webkit-flex;
  display: -ms-flexbox;
  display: flex;
}

<div
  className="c0"
/>
`;

exports[`doesn't create snapshot of styles 1`] = `
<div
  className="sc-AykKC htpBwX"
/>
`;
